2026-09-16T19:01:05.029+05:30  INFO 16888 --- [project1] [main] c.example.project1.Project1Application   : Starting Project1Application using Java 24.0.2 with PID 16888 (C:\SBP\project1\target\classes started by lokes in C:\SBP)
2026-09-16T19:01:05.051+05:30  INFO 16888 --- [project1] [main] c.example.project1.Project1Application   : No active profile set, falling back to 1 default profile: "default"
2026-09-16T19:01:07.839+05:30  INFO 16888 --- [project1] [main] .s.d.r.c.RepositoryConfigurationDelegate : Bootstrapping Spring Data JPA repositories in DEFAULT mode.
2026-09-16T19:01:08.013+05:30  INFO 16888 --- [project1] [main] .s.d.r.c.RepositoryConfigurationDelegate : Finished Spring Data repository scanning in 150 ms. Found 6 JPA repository interfaces.
2026-09-16T19:01:09.762+05:30  INFO 16888 --- [project1] [main] o.s.boot.tomcat.TomcatWebServer          : Tomcat initialized with port 8082 (http)
2026-09-16T19:01:09.806+05:30  INFO 16888 --- [project1] [main] o.apache.catalina.core.StandardService   : Starting service [Tomcat]
2026-09-16T19:01:09.807+05:30  INFO 16888 --- [project1] [main] o.apache.catalina.core.StandardEngine    : Starting Servlet engine: [Apache Tomcat/11.0.24]
2026-09-16T19:01:10.011+05:30  INFO 16888 --- [project1] [main] b.w.c.s.WebApplicationContextInitializer : Root WebApplicationContext: initialization completed in 4775 ms
2026-09-16T19:01:10.681+05:30  INFO 16888 --- [project1] [main] com.zaxxer.hikari.HikariDataSource       : HikariPool-1 - Starting...
2026-09-16T19:01:11.773+05:30  INFO 16888 --- [project1] [main] com.zaxxer.hikari.pool.HikariPool        : HikariPool-1 - Added connection com.mysql.cj.jdbc.ConnectionImpl@50bf795f
2026-09-16T19:01:11.779+05:30  INFO 16888 --- [project1] [main] com.zaxxer.hikari.HikariDataSource       : HikariPool-1 - Start completed.
2026-09-16T19:01:11.860+05:30  INFO 16888 --- [project1] [main] org.flywaydb.core.FlywayExecutor         : Database: jdbc:mysql://localhost:3306/project1 (MySQL 8.0)
2026-09-16T19:01:12.170+05:30  INFO 16888 --- [project1] [main] o.f.core.internal.command.DbValidate     : Successfully validated 6 migrations (execution time 00:00.098s)
2026-09-16T19:01:12.209+05:30  INFO 16888 --- [project1] [main] o.f.core.internal.command.DbMigrate      : Current version of schema `project1`: 6
2026-09-16T19:01:12.223+05:30  INFO 16888 --- [project1] [main] o.f.core.internal.command.DbMigrate      : Schema `project1` is up to date. No migration necessary.
2026-09-16T19:01:12.510+05:30  INFO 16888 --- [project1] [main] org.hibernate.orm.jpa                    : HHH008540: Processing PersistenceUnitInfo [name: default]
2026-09-16T19:01:12.815+05:30  INFO 16888 --- [project1] [main] org.hibernate.orm.core                   : HHH000001: Hibernate ORM core version 7.4.5.Final
2026-09-16T19:01:14.218+05:30  INFO 16888 --- [project1] [main] o.s.o.j.p.SpringPersistenceUnitInfo      : No LoadTimeWeaver setup: ignoring JPA class transformer
2026-09-16T19:01:14.540+05:30  INFO 16888 --- [project1] [main] org.hibernate.orm.connections.pooling    : HHH10001005: Database info:
	Database JDBC URL [jdbc:mysql://localhost:3306/project1]
	Database driver: MySQL Connector/J
	Database dialect: MySQLDialect
	Database version: 8.0.44
	Default catalog/schema: project1/undefined
	Autocommit mode: undefined/unknown
	Isolation level: REPEATABLE_READ [default REPEATABLE_READ]
	JDBC fetch size: none
	Pool: DataSourceConnectionProvider
	Minimum pool size: undefined/unknown
	Maximum pool size: undefined/unknown
2026-09-16T19:01:17.702+05:30  INFO 16888 --- [project1] [main] org.hibernate.orm.core                   : HHH000489: No JTA platform available (set 'hibernate.transaction.jta.platform' to enable JTA platform integration)
2026-09-16T19:01:17.832+05:30  INFO 16888 --- [project1] [main] j.LocalContainerEntityManagerFactoryBean : Initialized JPA EntityManagerFactory for persistence unit 'default'
2026-09-16T19:01:18.075+05:30  INFO 16888 --- [project1] [main] o.s.d.j.r.query.QueryEnhancerFactories   : Hibernate is in classpath; If applicable, HQL parser will be used.
2026-09-16T19:01:18.748+05:30  INFO 16888 --- [project1] [main] r$InitializeUserDetailsManagerConfigurer : Global AuthenticationManager configured with UserDetailsService bean with name customUserDetails
2026-09-16T19:01:19.825+05:30  WARN 16888 --- [project1] [main] JpaBaseConfiguration$JpaWebConfiguration : spring.jpa.open-in-view is enabled by default. Therefore, database queries may be performed during view rendering. Explicitly configure spring.jpa.open-in-view to disable this warning
2026-09-16T19:01:20.541+05:30 DEBUG 16888 --- [project1] [main] o.s.s.web.DefaultSecurityFilterChain     : Will secure any request with filters: DisableEncodeUrlFilter, WebAsyncManagerIntegrationFilter, SecurityContextHolderFilter, HeaderWriterFilter, CorsFilter, LogoutFilter, OAuth2AuthorizationRequestRedirectFilter, OAuth2LoginAuthenticationFilter, JwtFilter, DefaultResourcesFilter, DefaultLoginPageGeneratingFilter, DefaultLogoutPageGeneratingFilter, RequestCacheAwareFilter, SecurityContextHolderAwareRequestFilter, AnonymousAuthenticationFilter, SessionManagementFilter, ExceptionTranslationFilter, AuthorizationFilter
2026-09-16T19:01:22.020+05:30  INFO 16888 --- [project1] [main] o.s.boot.tomcat.TomcatWebServer          : Tomcat started on port 8082 (http) with context path '/'
2026-09-16T19:01:22.041+05:30  INFO 16888 --- [project1] [main] c.example.project1.Project1Application   : Started Project1Application in 18.496 seconds (process running for 21.12)
2026-09-16T19:01:22.048+05:30  WARN 16888 --- [project1] [main] o.s.core.events.SpringDocAppInitializer  : SpringDoc /v3/api-docs endpoint is enabled by default. To disable it in production, set the property 'springdoc.api-docs.enabled=false'
2026-09-16T19:01:22.049+05:30  WARN 16888 --- [project1] [main] o.s.core.events.SpringDocAppInitializer  : SpringDoc /swagger-ui.html endpoint is enabled by default. To disable it in production, set the property 'springdoc.swagger-ui.enabled=false'
2026-09-16T19:01:31.298+05:30  INFO 16888 --- [project1] [http-nio-8082-exec-1] o.a.c.c.C.[Tomcat].[localhost].[/]       : Initializing Spring DispatcherServlet 'dispatcherServlet'
2026-09-16T19:01:31.299+05:30  INFO 16888 --- [project1] [http-nio-8082-exec-1] o.s.web.servlet.DispatcherServlet        : Initializing Servlet 'dispatcherServlet'
2026-09-16T19:01:31.304+05:30  INFO 16888 --- [project1] [http-nio-8082-exec-1] o.s.web.servlet.DispatcherServlet        : Completed initialization in 4 ms
2026-09-16T19:01:31.331+05:30 DEBUG 16888 --- [project1] [http-nio-8082-exec-1] o.s.security.web.FilterChainProxy        : Securing POST /cart/create
2026-09-16T19:01:31.352+05:30 TRACE 16888 --- [project1] [http-nio-8082-exec-1] .s.o.c.w.OAuth2LoginAuthenticationFilter : Did not match request to PathPattern [/login/oauth2/code/*]
2026-09-16T19:01:31.452+05:30  WARN 16888 --- [project1] [http-nio-8082-exec-1] c.example.project1.security.JwtFilter    : JWT auth failed: Invalid or expired JWT token
2026-09-16T19:03:00.793+05:30 DEBUG 16888 --- [project1] [http-nio-8082-exec-5] o.s.security.web.FilterChainProxy        : Securing POST /auth/login
2026-09-16T19:03:00.803+05:30 TRACE 16888 --- [project1] [http-nio-8082-exec-5] .s.o.c.w.OAuth2LoginAuthenticationFilter : Did not match request to PathPattern [/login/oauth2/code/*]
2026-09-16T19:03:00.815+05:30 DEBUG 16888 --- [project1] [http-nio-8082-exec-5] o.s.s.w.a.AnonymousAuthenticationFilter  : Set SecurityContextHolder to anonymous SecurityContext
2026-09-16T19:03:00.816+05:30 DEBUG 16888 --- [project1] [http-nio-8082-exec-5] o.s.s.w.session.SessionManagementFilter  : Request requested invalid session id 4B64CBA866CC696357B7A7D18B43D7D6
2026-09-16T19:03:00.820+05:30 DEBUG 16888 --- [project1] [http-nio-8082-exec-5] o.s.security.web.FilterChainProxy        : Secured POST /auth/login
2026-09-16T19:03:02.849+05:30 DEBUG 16888 --- [project1] [http-nio-8082-exec-5] o.s.s.a.dao.DaoAuthenticationProvider    : Authenticated user
2026-09-16T19:03:02.877+05:30  INFO 16888 --- [project1] [http-nio-8082-exec-5] c.example.project1.service.UserService   : User:lokesh@gmail.com successfully logged in
2026-09-16T19:03:25.590+05:30 DEBUG 16888 --- [project1] [http-nio-8082-exec-4] o.s.security.web.FilterChainProxy        : Securing POST /cart/create
2026-09-16T19:03:25.594+05:30 TRACE 16888 --- [project1] [http-nio-8082-exec-4] .s.o.c.w.OAuth2LoginAuthenticationFilter : Did not match request to PathPattern [/login/oauth2/code/*]
2026-09-16T19:03:25.822+05:30 DEBUG 16888 --- [project1] [http-nio-8082-exec-4] w.c.HttpSessionSecurityContextRepository : Stored SecurityContextImpl [Authentication=UsernamePasswordAuthenticationToken [Principal=org.springframework.security.core.userdetails.User [Username=lokesh@gmail.com, Password=[PROTECTED], Enabled=true, AccountNonExpired=true, CredentialsNonExpired=true, AccountNonLocked=true, Granted Authorities=[ROLE_ADMIN]], Credentials=[PROTECTED], Authenticated=true, Details=null, Granted Authorities=[ROLE_ADMIN]]] to HttpSession [org.apache.catalina.session.StandardSessionFacade@17ad8ff9]
2026-09-16T19:03:25.823+05:30 DEBUG 16888 --- [project1] [http-nio-8082-exec-4] o.s.security.web.FilterChainProxy        : Secured POST /cart/create
2026-09-16T19:03:25.925+05:30  WARN 16888 --- [project1] [http-nio-8082-exec-4] o.h.v.i.m.a.CascadingMetaDataBuilder     : HV000271: Using `@Valid` on a container (java.util.List) is deprecated. You should apply the annotation on the type argument(s). Affected element: cartItemRequestDTOS
2026-09-16T19:03:26.113+05:30 DEBUG 16888 --- [project1] [http-nio-8082-exec-4] horizationManagerBeforeMethodInterceptor : Authorizing method invocation ReflectiveMethodInvocation: public com.example.project1.DTOs.CartResponseDTO com.example.project1.service.CartService.createCart(com.example.project1.DTOs.CartRequestDTO,java.security.Principal); target is of class [com.example.project1.service.CartService]
2026-09-16T19:03:26.147+05:30 DEBUG 16888 --- [project1] [http-nio-8082-exec-4] horizationManagerBeforeMethodInterceptor : Authorized method invocation ReflectiveMethodInvocation: public com.example.project1.DTOs.CartResponseDTO com.example.project1.service.CartService.createCart(com.example.project1.DTOs.CartRequestDTO,java.security.Principal); target is of class [com.example.project1.service.CartService]
2026-09-16T19:04:45.496+05:30 DEBUG 16888 --- [project1] [http-nio-8082-exec-8] o.s.security.web.FilterChainProxy        : Securing POST /api/razorpay/checkout
2026-09-16T19:04:45.497+05:30 TRACE 16888 --- [project1] [http-nio-8082-exec-8] .s.o.c.w.OAuth2LoginAuthenticationFilter : Did not match request to PathPattern [/login/oauth2/code/*]
2026-09-16T19:04:45.507+05:30 DEBUG 16888 --- [project1] [http-nio-8082-exec-8] w.c.HttpSessionSecurityContextRepository : Retrieved SecurityContextImpl [Authentication=UsernamePasswordAuthenticationToken [Principal=org.springframework.security.core.userdetails.User [Username=lokesh@gmail.com, Password=[PROTECTED], Enabled=true, AccountNonExpired=true, CredentialsNonExpired=true, AccountNonLocked=true, Granted Authorities=[ROLE_ADMIN]], Credentials=[PROTECTED], Authenticated=true, Details=null, Granted Authorities=[ROLE_ADMIN]]]
2026-09-16T19:04:45.509+05:30 DEBUG 16888 --- [project1] [http-nio-8082-exec-8] o.s.security.web.FilterChainProxy        : Secured POST /api/razorpay/checkout
2026-09-16T19:04:56.741+05:30  INFO 16888 --- [project1] [SpringApplicationShutdownHook] o.s.boot.tomcat.GracefulShutdown         : Commencing graceful shutdown. Waiting for active requests to complete
2026-09-16T19:04:56.753+05:30  INFO 16888 --- [project1] [tomcat-shutdown] o.s.boot.tomcat.GracefulShutdown         : Graceful shutdown complete
2026-09-16T19:04:56.767+05:30  INFO 16888 --- [project1] [SpringApplicationShutdownHook] j.LocalContainerEntityManagerFactoryBean : Closing JPA EntityManagerFactory for persistence unit 'default'
2026-09-16T19:04:56.772+05:30  INFO 16888 --- [project1] [SpringApplicationShutdownHook] com.zaxxer.hikari.HikariDataSource       : HikariPool-1 - Shutdown initiated...
2026-09-16T19:04:56.792+05:30  INFO 16888 --- [project1] [SpringApplicationShutdownHook] com.zaxxer.hikari.HikariDataSource       : HikariPool-1 - Shutdown completed.
